
92. Printing statistics.

=== top ===

   Number of wires:              10447
   Number of wire bits:          10478
   Number of public wires:        2639
   Number of public wire bits:    2670
   Number of memories:               0
   Number of memory bits:            0
   Number of processes:              0
   Number of cells:              10476
     sky130_fd_sc_hd__a211o_2        1
     sky130_fd_sc_hd__a21bo_2        1
     sky130_fd_sc_hd__a21o_2        29
     sky130_fd_sc_hd__a21oi_2       24
     sky130_fd_sc_hd__a221o_2      560
     sky130_fd_sc_hd__a22o_2       652
     sky130_fd_sc_hd__a31o_2         4
     sky130_fd_sc_hd__a32o_2         2
     sky130_fd_sc_hd__and2_2       133
     sky130_fd_sc_hd__and2b_2       32
     sky130_fd_sc_hd__and3_2        29
     sky130_fd_sc_hd__and3b_2        7
     sky130_fd_sc_hd__and4_2         2
     sky130_fd_sc_hd__buf_1       3208
     sky130_fd_sc_hd__conb_1         1
     sky130_fd_sc_hd__dfxtp_2     2585
     sky130_fd_sc_hd__dlxtn_1       82
     sky130_fd_sc_hd__inv_2         75
     sky130_fd_sc_hd__mux2_2      2411
     sky130_fd_sc_hd__nand2_2       17
     sky130_fd_sc_hd__nand3_2        1
     sky130_fd_sc_hd__nand3b_2       2
     sky130_fd_sc_hd__nor2_2        85
     sky130_fd_sc_hd__nor3_2        20
     sky130_fd_sc_hd__nor3b_2        7
     sky130_fd_sc_hd__nor4_2         1
     sky130_fd_sc_hd__o211a_2        3
     sky130_fd_sc_hd__o21a_2       157
     sky130_fd_sc_hd__o21ai_2       21
     sky130_fd_sc_hd__o21ba_2        1
     sky130_fd_sc_hd__o221a_2        9
     sky130_fd_sc_hd__o22a_2        36
     sky130_fd_sc_hd__o31a_2        28
     sky130_fd_sc_hd__o31ai_2        5
     sky130_fd_sc_hd__o32a_2         4
     sky130_fd_sc_hd__o41a_2         1
     sky130_fd_sc_hd__or2_2         91
     sky130_fd_sc_hd__or2b_2         2
     sky130_fd_sc_hd__or3_2         32
     sky130_fd_sc_hd__or3b_2         5
     sky130_fd_sc_hd__or4_2         63
     sky130_fd_sc_hd__or4b_2         1
     sky130_fd_sc_hd__xnor2_2       18
     sky130_fd_sc_hd__xor2_2        28

   Chip area for module '\top': 116265.257600

