
48. Executing CHECK pass (checking for obvious problems).
Checking module top...
Checking module ins_mem...
Checking module p_mux...
Checking module reg_file...
Checking module sign_extend...
Checking module alu_behaviour...
Checking module data_mem...
Checking module control_unit...
Checking module if_id...
Checking module id_ex...
Checking module ex_mem...
Checking module mem_wb...
Checking module stall_unit...
Checking module fwd_unit...
Checking module operandmux...
Checking module sbr_unit...
Checking module bht...
Checking module addr_decoder...
Checking module gpio_out...
Checking module gpio_in...
Checking module gpio_dir...
Checking module gpio_en...
Checking module mux_32...
Checking module l_shift...
Checking module main_decoder...
Checking module alu_decoder...
Checking module prog_counter...
Found and reported 0 problems.
