
===========================================================================
report_checks -unconstrained
===========================================================================
======================= Typical Corner ===================================

Startpoint: rst (input port clocked by clk)
Endpoint: _17518_ (rising edge-triggered flip-flop clocked by clk')
Path Group: clk
Path Type: max

Fanout     Cap    Slew   Delay    Time   Description
-----------------------------------------------------------------------------
                          0.00    0.00   clock clk (rise edge)
                          0.00    0.00   clock network delay (propagated)
                          2.00    2.00 v input external delay
     1    0.00    0.01    0.00    2.00 v rst (in)
                                         rst (net)
                  0.01    0.00    2.00 v input1/A (sky130_fd_sc_hd__clkbuf_2)
     4    0.02    0.07    0.13    2.14 v input1/X (sky130_fd_sc_hd__clkbuf_2)
                                         net1 (net)
                  0.07    0.00    2.14 v _07808_/A (sky130_fd_sc_hd__clkbuf_4)
    10    0.04    0.09    0.22    2.35 v _07808_/X (sky130_fd_sc_hd__clkbuf_4)
                                         _04440_ (net)
                  0.09    0.00    2.35 v _07810_/A (sky130_fd_sc_hd__nor2_2)
     5    0.02    0.24    0.25    2.61 ^ _07810_/Y (sky130_fd_sc_hd__nor2_2)
                                         _04442_ (net)
                  0.24    0.00    2.61 ^ _07811_/A (sky130_fd_sc_hd__buf_2)
    10    0.03    0.17    0.27    2.88 ^ _07811_/X (sky130_fd_sc_hd__buf_2)
                                         _04443_ (net)
                  0.17    0.00    2.88 ^ _07823_/A2 (sky130_fd_sc_hd__a22o_1)
     1    0.00    0.04    0.17    3.04 ^ _07823_/X (sky130_fd_sc_hd__a22o_1)
                                         _01954_ (net)
                  0.04    0.00    3.04 ^ _17518_/D (sky130_fd_sc_hd__dfxtp_1)
                                  3.04   data arrival time

                          5.00    5.00   clock clk' (rise edge)
                          0.00    5.00   clock source latency
     1    0.05    0.11    0.08    5.08 v clk (in)
                                         clk (net)
                  0.11    0.00    5.08 v clkbuf_0_clk/A (sky130_fd_sc_hd__clkbuf_16)
    16    0.16    0.11    0.24    5.31 v clkbuf_0_clk/X (sky130_fd_sc_hd__clkbuf_16)
                                         clknet_0_clk (net)
                  0.11    0.00    5.31 v clkbuf_4_11_0_clk/A (sky130_fd_sc_hd__clkbuf_8)
     2    0.02    0.04    0.17    5.48 v clkbuf_4_11_0_clk/X (sky130_fd_sc_hd__clkbuf_8)
                                         clknet_4_11_0_clk (net)
                  0.04    0.00    5.48 v clkbuf_5_23__f_clk/A (sky130_fd_sc_hd__clkbuf_16)
     7    0.04    0.05    0.15    5.63 v clkbuf_5_23__f_clk/X (sky130_fd_sc_hd__clkbuf_16)
                                         clknet_5_23__leaf_clk (net)
                  0.05    0.00    5.63 v clkbuf_leaf_165_clk/A (sky130_fd_sc_hd__clkbuf_8)
    11    0.03    0.05    0.15    5.78 v clkbuf_leaf_165_clk/X (sky130_fd_sc_hd__clkbuf_8)
                                         clknet_leaf_165_clk (net)
                  0.05    0.00    5.78 v _13947__1/A (sky130_fd_sc_hd__inv_2)
     1    0.00    0.02    0.04    5.82 ^ _13947__1/Y (sky130_fd_sc_hd__inv_2)
                                         net25 (net)
                  0.02    0.00    5.82 ^ _17518_/CLK (sky130_fd_sc_hd__dfxtp_1)
                         -0.25    5.57   clock uncertainty
                          0.00    5.57   clock reconvergence pessimism
                         -0.06    5.51   library setup time
                                  5.51   data required time
-----------------------------------------------------------------------------
                                  5.51   data required time
                                 -3.04   data arrival time
-----------------------------------------------------------------------------
                                  2.47   slack (MET)




===========================================================================
report_checks --slack_max -0.01
============================================================================
======================= Typical Corner ===================================

No paths found.


===========================================================================
 report_check_types -max_slew -max_cap -max_fanout -violators
============================================================================
======================= Typical Corner ===================================

max fanout

Pin                                   Limit Fanout  Slack
---------------------------------------------------------
clkbuf_leaf_204_clk/X                    10     20    -10 (VIOLATED)
clkbuf_leaf_36_clk/X                     10     20    -10 (VIOLATED)
clkbuf_leaf_136_clk/X                    10     18     -8 (VIOLATED)
clkbuf_leaf_151_clk/X                    10     18     -8 (VIOLATED)
clkbuf_leaf_103_clk/X                    10     17     -7 (VIOLATED)
clkbuf_leaf_105_clk/X                    10     17     -7 (VIOLATED)
clkbuf_leaf_114_clk/X                    10     17     -7 (VIOLATED)
clkbuf_leaf_115_clk/X                    10     17     -7 (VIOLATED)
clkbuf_leaf_132_clk/X                    10     17     -7 (VIOLATED)
clkbuf_leaf_196_clk/X                    10     17     -7 (VIOLATED)
clkbuf_leaf_223_clk/X                    10     17     -7 (VIOLATED)
clkbuf_0_clk/X                           10     16     -6 (VIOLATED)
clkbuf_leaf_12_clk/X                     10     16     -6 (VIOLATED)
clkbuf_leaf_140_clk/X                    10     16     -6 (VIOLATED)
clkbuf_leaf_141_clk/X                    10     16     -6 (VIOLATED)
clkbuf_leaf_149_clk/X                    10     16     -6 (VIOLATED)
clkbuf_leaf_14_clk/X                     10     16     -6 (VIOLATED)
clkbuf_leaf_166_clk/X                    10     16     -6 (VIOLATED)
clkbuf_leaf_172_clk/X                    10     16     -6 (VIOLATED)
clkbuf_leaf_173_clk/X                    10     16     -6 (VIOLATED)
clkbuf_leaf_187_clk/X                    10     16     -6 (VIOLATED)
clkbuf_leaf_195_clk/X                    10     16     -6 (VIOLATED)
clkbuf_leaf_198_clk/X                    10     16     -6 (VIOLATED)
clkbuf_leaf_202_clk/X                    10     16     -6 (VIOLATED)
clkbuf_leaf_220_clk/X                    10     16     -6 (VIOLATED)
clkbuf_leaf_222_clk/X                    10     16     -6 (VIOLATED)
clkbuf_leaf_40_clk/X                     10     16     -6 (VIOLATED)
clkbuf_leaf_46_clk/X                     10     16     -6 (VIOLATED)
clkbuf_leaf_64_clk/X                     10     16     -6 (VIOLATED)
clkbuf_leaf_66_clk/X                     10     16     -6 (VIOLATED)
clkbuf_leaf_71_clk/X                     10     16     -6 (VIOLATED)
clkbuf_leaf_78_clk/X                     10     16     -6 (VIOLATED)
clkbuf_leaf_100_clk/X                    10     15     -5 (VIOLATED)
clkbuf_leaf_112_clk/X                    10     15     -5 (VIOLATED)
clkbuf_leaf_123_clk/X                    10     15     -5 (VIOLATED)
clkbuf_leaf_126_clk/X                    10     15     -5 (VIOLATED)
clkbuf_leaf_135_clk/X                    10     15     -5 (VIOLATED)
clkbuf_leaf_153_clk/X                    10     15     -5 (VIOLATED)
clkbuf_leaf_154_clk/X                    10     15     -5 (VIOLATED)
clkbuf_leaf_159_clk/X                    10     15     -5 (VIOLATED)
clkbuf_leaf_15_clk/X                     10     15     -5 (VIOLATED)
clkbuf_leaf_174_clk/X                    10     15     -5 (VIOLATED)
clkbuf_leaf_17_clk/X                     10     15     -5 (VIOLATED)
clkbuf_leaf_182_clk/X                    10     15     -5 (VIOLATED)
clkbuf_leaf_183_clk/X                    10     15     -5 (VIOLATED)
clkbuf_leaf_207_clk/X                    10     15     -5 (VIOLATED)
clkbuf_leaf_209_clk/X                    10     15     -5 (VIOLATED)
clkbuf_leaf_20_clk/X                     10     15     -5 (VIOLATED)
clkbuf_leaf_211_clk/X                    10     15     -5 (VIOLATED)
clkbuf_leaf_212_clk/X                    10     15     -5 (VIOLATED)
clkbuf_leaf_213_clk/X                    10     15     -5 (VIOLATED)
clkbuf_leaf_214_clk/X                    10     15     -5 (VIOLATED)
clkbuf_leaf_62_clk/X                     10     15     -5 (VIOLATED)
clkbuf_leaf_65_clk/X                     10     15     -5 (VIOLATED)
clkbuf_leaf_69_clk/X                     10     15     -5 (VIOLATED)
clkbuf_leaf_72_clk/X                     10     15     -5 (VIOLATED)
clkbuf_leaf_8_clk/X                      10     15     -5 (VIOLATED)
clkbuf_leaf_94_clk/X                     10     15     -5 (VIOLATED)
clkbuf_leaf_97_clk/X                     10     15     -5 (VIOLATED)
clkbuf_leaf_106_clk/X                    10     14     -4 (VIOLATED)
clkbuf_leaf_110_clk/X                    10     14     -4 (VIOLATED)
clkbuf_leaf_113_clk/X                    10     14     -4 (VIOLATED)
clkbuf_leaf_11_clk/X                     10     14     -4 (VIOLATED)
clkbuf_leaf_138_clk/X                    10     14     -4 (VIOLATED)
clkbuf_leaf_145_clk/X                    10     14     -4 (VIOLATED)
clkbuf_leaf_147_clk/X                    10     14     -4 (VIOLATED)
clkbuf_leaf_164_clk/X                    10     14     -4 (VIOLATED)
clkbuf_leaf_167_clk/X                    10     14     -4 (VIOLATED)
clkbuf_leaf_168_clk/X                    10     14     -4 (VIOLATED)
clkbuf_leaf_178_clk/X                    10     14     -4 (VIOLATED)
clkbuf_leaf_189_clk/X                    10     14     -4 (VIOLATED)
clkbuf_leaf_191_clk/X                    10     14     -4 (VIOLATED)
clkbuf_leaf_1_clk/X                      10     14     -4 (VIOLATED)
clkbuf_leaf_205_clk/X                    10     14     -4 (VIOLATED)
clkbuf_leaf_217_clk/X                    10     14     -4 (VIOLATED)
clkbuf_leaf_22_clk/X                     10     14     -4 (VIOLATED)
clkbuf_leaf_30_clk/X                     10     14     -4 (VIOLATED)
clkbuf_leaf_33_clk/X                     10     14     -4 (VIOLATED)
clkbuf_leaf_38_clk/X                     10     14     -4 (VIOLATED)
clkbuf_leaf_43_clk/X                     10     14     -4 (VIOLATED)
clkbuf_leaf_4_clk/X                      10     14     -4 (VIOLATED)
clkbuf_leaf_55_clk/X                     10     14     -4 (VIOLATED)
clkbuf_leaf_60_clk/X                     10     14     -4 (VIOLATED)
clkbuf_leaf_61_clk/X                     10     14     -4 (VIOLATED)
clkbuf_leaf_63_clk/X                     10     14     -4 (VIOLATED)
clkbuf_leaf_83_clk/X                     10     14     -4 (VIOLATED)
clkbuf_leaf_88_clk/X                     10     14     -4 (VIOLATED)
clkbuf_leaf_91_clk/X                     10     14     -4 (VIOLATED)
clkbuf_leaf_92_clk/X                     10     14     -4 (VIOLATED)
clkbuf_leaf_99_clk/X                     10     14     -4 (VIOLATED)
clkbuf_leaf_9_clk/X                      10     14     -4 (VIOLATED)
clkbuf_leaf_109_clk/X                    10     13     -3 (VIOLATED)
clkbuf_leaf_116_clk/X                    10     13     -3 (VIOLATED)
clkbuf_leaf_119_clk/X                    10     13     -3 (VIOLATED)
clkbuf_leaf_122_clk/X                    10     13     -3 (VIOLATED)
clkbuf_leaf_134_clk/X                    10     13     -3 (VIOLATED)
clkbuf_leaf_176_clk/X                    10     13     -3 (VIOLATED)
clkbuf_leaf_177_clk/X                    10     13     -3 (VIOLATED)
clkbuf_leaf_192_clk/X                    10     13     -3 (VIOLATED)
clkbuf_leaf_203_clk/X                    10     13     -3 (VIOLATED)
clkbuf_leaf_215_clk/X                    10     13     -3 (VIOLATED)
clkbuf_leaf_23_clk/X                     10     13     -3 (VIOLATED)
clkbuf_leaf_25_clk/X                     10     13     -3 (VIOLATED)
clkbuf_leaf_26_clk/X                     10     13     -3 (VIOLATED)
clkbuf_leaf_32_clk/X                     10     13     -3 (VIOLATED)
clkbuf_leaf_48_clk/X                     10     13     -3 (VIOLATED)
clkbuf_leaf_50_clk/X                     10     13     -3 (VIOLATED)
clkbuf_leaf_52_clk/X                     10     13     -3 (VIOLATED)
clkbuf_leaf_56_clk/X                     10     13     -3 (VIOLATED)
clkbuf_leaf_57_clk/X                     10     13     -3 (VIOLATED)
clkbuf_leaf_67_clk/X                     10     13     -3 (VIOLATED)
clkbuf_leaf_7_clk/X                      10     13     -3 (VIOLATED)
clkbuf_leaf_80_clk/X                     10     13     -3 (VIOLATED)
clkbuf_leaf_82_clk/X                     10     13     -3 (VIOLATED)
clkbuf_leaf_85_clk/X                     10     13     -3 (VIOLATED)
clkbuf_leaf_87_clk/X                     10     13     -3 (VIOLATED)
clkbuf_leaf_90_clk/X                     10     13     -3 (VIOLATED)
clkbuf_leaf_102_clk/X                    10     12     -2 (VIOLATED)
clkbuf_leaf_121_clk/X                    10     12     -2 (VIOLATED)
clkbuf_leaf_127_clk/X                    10     12     -2 (VIOLATED)
clkbuf_leaf_143_clk/X                    10     12     -2 (VIOLATED)
clkbuf_leaf_144_clk/X                    10     12     -2 (VIOLATED)
clkbuf_leaf_148_clk/X                    10     12     -2 (VIOLATED)
clkbuf_leaf_150_clk/X                    10     12     -2 (VIOLATED)
clkbuf_leaf_179_clk/X                    10     12     -2 (VIOLATED)
clkbuf_leaf_188_clk/X                    10     12     -2 (VIOLATED)
clkbuf_leaf_18_clk/X                     10     12     -2 (VIOLATED)
clkbuf_leaf_190_clk/X                    10     12     -2 (VIOLATED)
clkbuf_leaf_197_clk/X                    10     12     -2 (VIOLATED)
clkbuf_leaf_19_clk/X                     10     12     -2 (VIOLATED)
clkbuf_leaf_216_clk/X                    10     12     -2 (VIOLATED)
clkbuf_leaf_218_clk/X                    10     12     -2 (VIOLATED)
clkbuf_leaf_2_clk/X                      10     12     -2 (VIOLATED)
clkbuf_leaf_37_clk/X                     10     12     -2 (VIOLATED)
clkbuf_leaf_3_clk/X                      10     12     -2 (VIOLATED)
clkbuf_leaf_41_clk/X                     10     12     -2 (VIOLATED)
clkbuf_leaf_51_clk/X                     10     12     -2 (VIOLATED)
clkbuf_leaf_59_clk/X                     10     12     -2 (VIOLATED)
clkbuf_leaf_6_clk/X                      10     12     -2 (VIOLATED)
clkbuf_leaf_76_clk/X                     10     12     -2 (VIOLATED)
clkbuf_leaf_93_clk/X                     10     12     -2 (VIOLATED)
clkbuf_leaf_104_clk/X                    10     11        (VIOLATED)
clkbuf_leaf_108_clk/X                    10     11        (VIOLATED)
clkbuf_leaf_10_clk/X                     10     11        (VIOLATED)
clkbuf_leaf_124_clk/X                    10     11        (VIOLATED)
clkbuf_leaf_128_clk/X                    10     11        (VIOLATED)
clkbuf_leaf_137_clk/X                    10     11        (VIOLATED)
clkbuf_leaf_142_clk/X                    10     11        (VIOLATED)
clkbuf_leaf_146_clk/X                    10     11        (VIOLATED)
clkbuf_leaf_155_clk/X                    10     11        (VIOLATED)
clkbuf_leaf_165_clk/X                    10     11        (VIOLATED)
clkbuf_leaf_175_clk/X                    10     11        (VIOLATED)
clkbuf_leaf_180_clk/X                    10     11        (VIOLATED)
clkbuf_leaf_186_clk/X                    10     11        (VIOLATED)
clkbuf_leaf_227_clk/X                    10     11        (VIOLATED)
clkbuf_leaf_24_clk/X                     10     11        (VIOLATED)
clkbuf_leaf_34_clk/X                     10     11        (VIOLATED)
clkbuf_leaf_49_clk/X                     10     11        (VIOLATED)
clkbuf_leaf_73_clk/X                     10     11        (VIOLATED)
clkbuf_leaf_86_clk/X                     10     11        (VIOLATED)


max slew violations count Typical: 0
max fanout violations count Typical: 160
max cap violations count Typical: 0

===========================================================================
report_parasitic_annotation -report_unannotated
============================================================================
Found 212 unannotated drivers.
 _18275__19/HI
 _18277__20/HI
 _18278__21/HI
 _18279__22/HI
 _18281__23/HI
 _18282__24/HI
 clkload0/Y
 clkload1/X
 clkload10/Y
 clkload100/Y
 clkload101/X
 clkload102/Y
 clkload103/Y
 clkload104/Y
 clkload105/Y
 clkload106/Y
 clkload107/Y
 clkload108/Y
 clkload109/Y
 clkload11/Y
 clkload110/Y
 clkload111/Y
 clkload112/Y
 clkload113/Y
 clkload114/Y
 clkload115/Y
 clkload116/Y
 clkload117/Y
 clkload118/Y
 clkload119/Y
 clkload12/Y
 clkload120/Y
 clkload121/Y
 clkload122/X
 clkload123/Y
 clkload124/Y
 clkload125/Y
 clkload126/Y
 clkload127/Y
 clkload128/Y
 clkload129/Y
 clkload13/Y
 clkload130/Y
 clkload131/Y
 clkload132/Y
 clkload133/Y
 clkload134/Y
 clkload135/X
 clkload136/Y
 clkload137/Y
 clkload138/Y
 clkload139/Y
 clkload14/Y
 clkload140/X
 clkload141/X
 clkload142/Y
 clkload143/Y
 clkload144/X
 clkload145/Y
 clkload146/Y
 clkload147/Y
 clkload148/X
 clkload149/Y
 clkload15/Y
 clkload150/Y
 clkload151/Y
 clkload152/Y
 clkload153/Y
 clkload154/Y
 clkload155/Y
 clkload156/Y
 clkload157/Y
 clkload158/X
 clkload159/Y
 clkload16/Y
 clkload160/Y
 clkload161/X
 clkload162/Y
 clkload163/X
 clkload164/Y
 clkload165/Y
 clkload166/Y
 clkload167/Y
 clkload168/Y
 clkload169/Y
 clkload17/Y
 clkload170/Y
 clkload171/Y
 clkload172/Y
 clkload173/X
 clkload174/Y
 clkload175/Y
 clkload176/X
 clkload177/Y
 clkload178/Y
 clkload179/Y
 clkload18/Y
 clkload180/Y
 clkload181/Y
 clkload182/Y
 clkload183/Y
 clkload184/Y
 clkload185/Y
 clkload186/Y
 clkload187/Y
 clkload188/Y
 clkload189/Y
 clkload19/Y
 clkload190/Y
 clkload191/Y
 clkload192/Y
 clkload193/Y
 clkload194/Y
 clkload195/Y
 clkload196/Y
 clkload197/Y
 clkload198/Y
 clkload199/Y
 clkload2/X
 clkload20/Y
 clkload200/Y
 clkload201/Y
 clkload202/Y
 clkload203/Y
 clkload204/Y
 clkload205/Y
 clkload21/Y
 clkload22/Y
 clkload23/Y
 clkload24/Y
 clkload25/Y
 clkload26/Y
 clkload27/X
 clkload28/Y
 clkload29/Y
 clkload3/Y
 clkload30/X
 clkload31/Y
 clkload32/Y
 clkload33/Y
 clkload34/X
 clkload35/Y
 clkload36/Y
 clkload37/Y
 clkload38/Y
 clkload39/Y
 clkload4/Y
 clkload40/Y
 clkload41/Y
 clkload42/Y
 clkload43/Y
 clkload44/X
 clkload45/X
 clkload46/X
 clkload47/X
 clkload48/Y
 clkload49/X
 clkload5/X
 clkload50/Y
 clkload51/Y
 clkload52/Y
 clkload53/Y
 clkload54/Y
 clkload55/Y
 clkload56/Y
 clkload57/Y
 clkload58/Y
 clkload59/Y
 clkload6/Y
 clkload60/Y
 clkload61/Y
 clkload62/Y
 clkload63/Y
 clkload64/Y
 clkload65/Y
 clkload66/Y
 clkload67/Y
 clkload68/Y
 clkload69/Y
 clkload7/Y
 clkload70/Y
 clkload71/Y
 clkload72/Y
 clkload73/Y
 clkload74/Y
 clkload75/Y
 clkload76/Y
 clkload77/Y
 clkload78/Y
 clkload79/Y
 clkload8/Y
 clkload80/Y
 clkload81/Y
 clkload82/Y
 clkload83/Y
 clkload84/Y
 clkload85/Y
 clkload86/X
 clkload87/Y
 clkload88/Y
 clkload89/Y
 clkload9/Y
 clkload90/Y
 clkload91/Y
 clkload92/X
 clkload93/Y
 clkload94/Y
 clkload95/Y
 clkload96/Y
 clkload97/Y
 clkload98/Y
 clkload99/X
Found 32 partially unannotated drivers.
 gpio_pins[0]
 gpio_pins[10]
 gpio_pins[11]
 gpio_pins[12]
 gpio_pins[13]
 gpio_pins[14]
 gpio_pins[15]
 gpio_pins[16]
 gpio_pins[17]
 gpio_pins[18]
 gpio_pins[19]
 gpio_pins[1]
 gpio_pins[20]
 gpio_pins[21]
 gpio_pins[22]
 gpio_pins[23]
 gpio_pins[24]
 gpio_pins[25]
 gpio_pins[26]
 gpio_pins[27]
 gpio_pins[28]
 gpio_pins[29]
 gpio_pins[2]
 gpio_pins[30]
 gpio_pins[31]
 gpio_pins[3]
 gpio_pins[4]
 gpio_pins[5]
 gpio_pins[6]
 gpio_pins[7]
 gpio_pins[8]
 gpio_pins[9]

===========================================================================
max slew violation count 0
max fanout violation count 160
max cap violation count 0
============================================================================

===========================================================================
check_setup -verbose -unconstrained_endpoints -multiple_clock -no_clock -no_input_delay -loops -generated_clocks
===========================================================================
Warning: There are 82 unclocked register/latch pins.
  _15824_/GATE_N
  _15825_/GATE_N
  _15826_/GATE_N
  _15827_/GATE_N
  _15828_/GATE_N
  _15829_/GATE_N
  _15830_/GATE_N
  _15831_/GATE_N
  _15832_/GATE_N
  _15833_/GATE_N
  _15834_/GATE_N
  _15835_/GATE_N
  _15836_/GATE_N
  _15837_/GATE_N
  _15838_/GATE_N
  _15839_/GATE_N
  _15840_/GATE_N
  _15841_/GATE_N
  _15842_/GATE_N
  _15843_/GATE_N
  _15844_/GATE_N
  _15845_/GATE_N
  _15846_/GATE_N
  _15847_/GATE_N
  _15848_/GATE_N
  _15849_/GATE_N
  _15850_/GATE_N
  _15851_/GATE_N
  _15852_/GATE_N
  _15853_/GATE_N
  _15854_/GATE_N
  _15855_/GATE_N
  _15856_/GATE_N
  _15857_/GATE_N
  _15858_/GATE_N
  _15859_/GATE_N
  _15860_/GATE_N
  _15861_/GATE_N
  _15862_/GATE_N
  _15863_/GATE_N
  _15864_/GATE_N
  _15865_/GATE_N
  _15866_/GATE_N
  _15867_/GATE_N
  _15868_/GATE_N
  _15869_/GATE_N
  _15870_/GATE_N
  _15871_/GATE_N
  _15872_/GATE_N
  _15873_/GATE_N
  _15874_/GATE_N
  _15875_/GATE_N
  _15876_/GATE_N
  _15877_/GATE_N
  _15878_/GATE_N
  _15879_/GATE_N
  _15880_/GATE_N
  _15881_/GATE_N
  _15882_/GATE_N
  _15883_/GATE_N
  _15884_/GATE_N
  _15885_/GATE_N
  _15886_/GATE_N
  _15887_/GATE_N
  _17968_/GATE_N
  _17969_/GATE_N
  _17970_/GATE_N
  _17971_/GATE_N
  _17972_/GATE_N
  _17973_/GATE_N
  _17974_/GATE_N
  _17975_/GATE_N
  _17976_/GATE_N
  _17977_/GATE_N
  _17978_/GATE_N
  _18275_/GATE_N
  _18277_/GATE_N
  _18278_/GATE_N
  _18279_/GATE_N
  _18280_/GATE_N
  _18281_/GATE_N
  _18282_/GATE_N
Warning: There are 82 unconstrained endpoints.
  _15824_/D
  _15825_/D
  _15826_/D
  _15827_/D
  _15828_/D
  _15829_/D
  _15830_/D
  _15831_/D
  _15832_/D
  _15833_/D
  _15834_/D
  _15835_/D
  _15836_/D
  _15837_/D
  _15838_/D
  _15839_/D
  _15840_/D
  _15841_/D
  _15842_/D
  _15843_/D
  _15844_/D
  _15845_/D
  _15846_/D
  _15847_/D
  _15848_/D
  _15849_/D
  _15850_/D
  _15851_/D
  _15852_/D
  _15853_/D
  _15854_/D
  _15855_/D
  _15856_/D
  _15857_/D
  _15858_/D
  _15859_/D
  _15860_/D
  _15861_/D
  _15862_/D
  _15863_/D
  _15864_/D
  _15865_/D
  _15866_/D
  _15867_/D
  _15868_/D
  _15869_/D
  _15870_/D
  _15871_/D
  _15872_/D
  _15873_/D
  _15874_/D
  _15875_/D
  _15876_/D
  _15877_/D
  _15878_/D
  _15879_/D
  _15880_/D
  _15881_/D
  _15882_/D
  _15883_/D
  _15884_/D
  _15885_/D
  _15886_/D
  _15887_/D
  _17968_/D
  _17969_/D
  _17970_/D
  _17971_/D
  _17972_/D
  _17973_/D
  _17974_/D
  _17975_/D
  _17976_/D
  _17977_/D
  _17978_/D
  _18275_/D
  _18277_/D
  _18278_/D
  _18279_/D
  _18280_/D
  _18281_/D
  _18282_/D
